0 verbose cli C:\Program Files\nodejs\node.exe C:\Program Files\nodejs\node_modules\npm\bin\npm-cli.js
1 info using npm@10.9.4
2 info using node@v22.21.1
3 silly config load:file:C:\Program Files\nodejs\node_modules\npm\npmrc
4 silly config load:file:C:\Users\kinga\Desktop\mine\.npmrc
5 silly config load:file:C:\Users\kinga\.npmrc
6 silly config load:file:C:\Users\kinga\AppData\Roaming\npm\etc\npmrc
7 verbose title npm install
8 verbose argv "install" "--cache" ".\\.npm-cache"
9 verbose logfile logs-max:10 dir:C:\Users\kinga\Desktop\mine\.npm-cache\_logs\2026-05-28T08_38_45_554Z-
10 verbose logfile C:\Users\kinga\Desktop\mine\.npm-cache\_logs\2026-05-28T08_38_45_554Z-debug-0.log
11 silly logfile done cleaning log files
12 silly packumentCache heap:4345298944 maxSize:1086324736 maxEntrySize:543162368
13 silly idealTree buildDeps
14 silly fetch manifest @vitejs/plugin-react@latest
15 silly packumentCache full:https://registry.npmjs.org/@vitejs%2fplugin-react cache-miss
16 http fetch GET 200 https://registry.npmjs.org/npm 601ms
17 http fetch GET 200 https://registry.npmjs.org/@vitejs%2fplugin-react 560ms (cache miss)
18 silly packumentCache full:https://registry.npmjs.org/@vitejs%2fplugin-react set size:undefined disposed:false
19 silly fetch manifest @rolldown/plugin-babel@^0.1.7 || ^0.2.0
20 silly packumentCache full:https://registry.npmjs.org/@rolldown%2fplugin-babel cache-miss
21 http fetch GET 200 https://registry.npmjs.org/@rolldown%2fplugin-babel 423ms (cache miss)
22 silly packumentCache full:https://registry.npmjs.org/@rolldown%2fplugin-babel set size:undefined disposed:false
23 silly fetch manifest @babel/core@^7.29.0 || ^8.0.0-rc.1
24 silly packumentCache full:https://registry.npmjs.org/@babel%2fcore cache-miss
25 http fetch GET 200 https://registry.npmjs.org/@babel%2fcore 173ms (cache miss)
26 silly packumentCache full:https://registry.npmjs.org/@babel%2fcore set size:undefined disposed:false
27 silly fetch manifest @babel/plugin-transform-runtime@^7.29.0 || ^8.0.0-rc.1
28 silly packumentCache full:https://registry.npmjs.org/@babel%2fplugin-transform-runtime cache-miss
29 http fetch GET 200 https://registry.npmjs.org/@babel%2fplugin-transform-runtime 163ms (cache miss)
30 silly packumentCache full:https://registry.npmjs.org/@babel%2fplugin-transform-runtime set size:undefined disposed:false
31 silly fetch manifest @babel/runtime@^7.27.0 || ^8.0.0-rc.1
32 silly packumentCache full:https://registry.npmjs.org/@babel%2fruntime cache-miss
33 http fetch GET 200 https://registry.npmjs.org/@babel%2fruntime 268ms (cache miss)
34 silly packumentCache full:https://registry.npmjs.org/@babel%2fruntime set size:undefined disposed:false
35 silly fetch manifest rolldown@^1.0.0-rc.5
36 silly packumentCache full:https://registry.npmjs.org/rolldown cache-miss
37 http fetch GET 200 https://registry.npmjs.org/rolldown 236ms (cache miss)
38 silly packumentCache full:https://registry.npmjs.org/rolldown set size:undefined disposed:false
39 silly fetch manifest vite@latest
40 silly packumentCache full:https://registry.npmjs.org/vite cache-miss
41 http fetch GET 200 https://registry.npmjs.org/vite 1636ms (cache miss)
42 silly packumentCache full:https://registry.npmjs.org/vite set size:undefined disposed:false
43 silly fetch manifest @types/node@^20.19.0 || >=22.12.0
44 silly packumentCache full:https://registry.npmjs.org/@types%2fnode cache-miss
45 http fetch GET 200 https://registry.npmjs.org/@types%2fnode 791ms (cache miss)
46 silly packumentCache full:https://registry.npmjs.org/@types%2fnode set size:undefined disposed:false
47 silly fetch manifest @vitejs/devtools@^0.1.18
48 silly packumentCache full:https://registry.npmjs.org/@vitejs%2fdevtools cache-miss
49 http fetch GET 200 https://registry.npmjs.org/@vitejs%2fdevtools 119ms (cache miss)
50 silly packumentCache full:https://registry.npmjs.org/@vitejs%2fdevtools set size:undefined disposed:false
51 silly fetch manifest esbuild@^0.27.0 || ^0.28.0
52 silly packumentCache full:https://registry.npmjs.org/esbuild cache-miss
53 http fetch GET 200 https://registry.npmjs.org/esbuild 249ms (cache miss)
54 silly packumentCache full:https://registry.npmjs.org/esbuild set size:undefined disposed:false
55 silly fetch manifest jiti@>=1.21.0
56 silly packumentCache full:https://registry.npmjs.org/jiti cache-miss
57 http fetch GET 200 https://registry.npmjs.org/jiti 107ms (cache miss)
58 silly packumentCache full:https://registry.npmjs.org/jiti set size:undefined disposed:false
59 silly fetch manifest less@^4.0.0
60 silly packumentCache full:https://registry.npmjs.org/less cache-miss
61 http fetch GET 200 https://registry.npmjs.org/less 110ms (cache miss)
62 silly packumentCache full:https://registry.npmjs.org/less set size:undefined disposed:false
63 silly fetch manifest sass@^1.70.0
64 silly packumentCache full:https://registry.npmjs.org/sass cache-miss
65 http fetch GET 200 https://registry.npmjs.org/sass 148ms (cache miss)
66 silly packumentCache full:https://registry.npmjs.org/sass set size:undefined disposed:false
67 silly fetch manifest sass-embedded@^1.70.0
68 silly packumentCache full:https://registry.npmjs.org/sass-embedded cache-miss
69 http fetch GET 200 https://registry.npmjs.org/sass-embedded 114ms (cache miss)
70 silly packumentCache full:https://registry.npmjs.org/sass-embedded set size:undefined disposed:false
71 silly fetch manifest stylus@>=0.54.8
72 silly packumentCache full:https://registry.npmjs.org/stylus cache-miss
73 http fetch GET 200 https://registry.npmjs.org/stylus 90ms (cache miss)
74 silly packumentCache full:https://registry.npmjs.org/stylus set size:undefined disposed:false
75 silly fetch manifest sugarss@^5.0.0
76 silly packumentCache full:https://registry.npmjs.org/sugarss cache-miss
77 http fetch GET 200 https://registry.npmjs.org/sugarss 77ms (cache miss)
78 silly packumentCache full:https://registry.npmjs.org/sugarss set size:undefined disposed:false
79 silly fetch manifest postcss@^8.3.3
80 silly packumentCache full:https://registry.npmjs.org/postcss cache-miss
81 http fetch GET 200 https://registry.npmjs.org/postcss 124ms (cache miss)
82 silly packumentCache full:https://registry.npmjs.org/postcss set size:undefined disposed:false
83 silly fetch manifest terser@^5.16.0
84 silly packumentCache full:https://registry.npmjs.org/terser cache-miss
85 http fetch GET 200 https://registry.npmjs.org/terser 150ms (cache miss)
86 silly packumentCache full:https://registry.npmjs.org/terser set size:undefined disposed:false
87 silly fetch manifest tsx@^4.8.1
88 silly packumentCache full:https://registry.npmjs.org/tsx cache-miss
89 http fetch GET 200 https://registry.npmjs.org/tsx 93ms (cache miss)
90 silly packumentCache full:https://registry.npmjs.org/tsx set size:undefined disposed:false
91 silly fetch manifest yaml@^2.4.2
92 silly packumentCache full:https://registry.npmjs.org/yaml cache-miss
93 http fetch GET 200 https://registry.npmjs.org/yaml 103ms (cache miss)
94 silly packumentCache full:https://registry.npmjs.org/yaml set size:undefined disposed:false
95 silly fetch manifest babel-plugin-react-compiler@^1.0.0
96 silly packumentCache full:https://registry.npmjs.org/babel-plugin-react-compiler cache-miss
97 http fetch GET 200 https://registry.npmjs.org/babel-plugin-react-compiler 132ms (cache miss)
98 silly packumentCache full:https://registry.npmjs.org/babel-plugin-react-compiler set size:undefined disposed:false
99 silly fetch manifest typescript@latest
100 silly packumentCache full:https://registry.npmjs.org/typescript cache-miss
101 http fetch GET 200 https://registry.npmjs.org/typescript 866ms (cache miss)
102 silly packumentCache full:https://registry.npmjs.org/typescript set size:undefined disposed:false
103 silly fetch manifest react@latest
104 silly packumentCache full:https://registry.npmjs.org/react cache-miss
105 http fetch GET 200 https://registry.npmjs.org/react 681ms (cache miss)
106 silly packumentCache full:https://registry.npmjs.org/react set size:undefined disposed:false
107 silly fetch manifest react-dom@latest
108 silly packumentCache full:https://registry.npmjs.org/react-dom cache-miss
109 http fetch GET 200 https://registry.npmjs.org/react-dom 784ms (cache miss)
110 silly packumentCache full:https://registry.npmjs.org/react-dom set size:undefined disposed:false
111 silly fetch manifest lucide-react@latest
112 silly packumentCache full:https://registry.npmjs.org/lucide-react cache-miss
113 http fetch GET 200 https://registry.npmjs.org/lucide-react 254ms (cache miss)
114 silly packumentCache full:https://registry.npmjs.org/lucide-react set size:undefined disposed:false
115 silly placeDep ROOT @vitejs/plugin-react@6.0.2 OK for:  want: latest
116 silly placeDep ROOT vite@8.0.14 OK for: @vitejs/plugin-react@6.0.2 want: ^8.0.0
117 silly placeDep ROOT lucide-react@1.17.0 OK for:  want: latest
118 silly placeDep ROOT react@19.2.6 OK for: lucide-react@1.17.0 want: ^16.5.1 || ^17.0.0 || ^18.0.0 || ^19.0.0
119 silly placeDep ROOT react-dom@19.2.6 OK for:  want: latest
120 silly placeDep ROOT typescript@6.0.3 OK for:  want: latest
121 silly fetch manifest @rolldown/pluginutils@^1.0.0
122 silly packumentCache full:https://registry.npmjs.org/@rolldown%2fpluginutils cache-miss
123 silly fetch manifest lightningcss@^1.32.0
124 silly packumentCache full:https://registry.npmjs.org/lightningcss cache-miss
125 silly fetch manifest picomatch@^4.0.4
126 silly packumentCache full:https://registry.npmjs.org/picomatch cache-miss
127 silly fetch manifest postcss@^8.5.15
128 silly packumentCache full:https://registry.npmjs.org/postcss cache-miss
129 silly fetch manifest rolldown@1.0.2
130 silly packumentCache full:https://registry.npmjs.org/rolldown cache-miss
131 silly fetch manifest tinyglobby@^0.2.16
132 silly packumentCache full:https://registry.npmjs.org/tinyglobby cache-miss
133 silly fetch manifest fsevents@~2.3.3
134 silly packumentCache full:https://registry.npmjs.org/fsevents cache-miss
135 silly fetch manifest scheduler@^0.27.0
136 silly packumentCache full:https://registry.npmjs.org/scheduler cache-miss
137 http cache https://registry.npmjs.org/postcss 52ms (cache hit)
138 silly packumentCache full:https://registry.npmjs.org/postcss set size:723316 disposed:false
139 http cache https://registry.npmjs.org/rolldown 78ms (cache hit)
140 silly packumentCache full:https://registry.npmjs.org/rolldown set size:3719255 disposed:false
141 http fetch GET 200 https://registry.npmjs.org/lightningcss 160ms (cache miss)
142 silly packumentCache full:https://registry.npmjs.org/lightningcss set size:undefined disposed:false
143 http fetch GET 200 https://registry.npmjs.org/@rolldown%2fpluginutils 169ms (cache miss)
144 silly packumentCache full:https://registry.npmjs.org/@rolldown%2fpluginutils set size:undefined disposed:false
145 http fetch GET 200 https://registry.npmjs.org/tinyglobby 261ms (cache miss)
146 silly packumentCache full:https://registry.npmjs.org/tinyglobby set size:undefined disposed:false
147 http fetch GET 200 https://registry.npmjs.org/picomatch 291ms (cache miss)
148 silly packumentCache full:https://registry.npmjs.org/picomatch set size:undefined disposed:false
149 http fetch GET 200 https://registry.npmjs.org/fsevents 308ms (cache miss)
150 silly packumentCache full:https://registry.npmjs.org/fsevents set size:undefined disposed:false
151 http fetch GET 200 https://registry.npmjs.org/scheduler 933ms (cache miss)
152 silly packumentCache full:https://registry.npmjs.org/scheduler set size:undefined disposed:false
153 silly placeDep ROOT @rolldown/pluginutils@1.0.1 OK for: @vitejs/plugin-react@6.0.2 want: ^1.0.0
154 silly placeDep ROOT scheduler@0.27.0 OK for: react-dom@19.2.6 want: ^0.27.0
155 silly placeDep ROOT fsevents@2.3.3 OK for: vite@8.0.14 want: ~2.3.3
156 silly placeDep ROOT lightningcss@1.32.0 OK for: vite@8.0.14 want: ^1.32.0
157 silly placeDep ROOT picomatch@4.0.4 OK for: vite@8.0.14 want: ^4.0.4
158 silly placeDep ROOT postcss@8.5.15 OK for: vite@8.0.14 want: ^8.5.15
159 silly placeDep ROOT rolldown@1.0.2 OK for: vite@8.0.14 want: 1.0.2
160 silly placeDep ROOT tinyglobby@0.2.16 OK for: vite@8.0.14 want: ^0.2.16
161 silly fetch manifest detect-libc@^2.0.3
162 silly packumentCache full:https://registry.npmjs.org/detect-libc cache-miss
163 silly fetch manifest lightningcss-darwin-x64@1.32.0
164 silly packumentCache full:https://registry.npmjs.org/lightningcss-darwin-x64 cache-miss
165 silly fetch manifest lightningcss-linux-x64-gnu@1.32.0
166 silly packumentCache full:https://registry.npmjs.org/lightningcss-linux-x64-gnu cache-miss
167 silly fetch manifest lightningcss-win32-x64-msvc@1.32.0
168 silly packumentCache full:https://registry.npmjs.org/lightningcss-win32-x64-msvc cache-miss
169 silly fetch manifest lightningcss-win32-arm64-msvc@1.32.0
170 silly packumentCache full:https://registry.npmjs.org/lightningcss-win32-arm64-msvc cache-miss
171 silly fetch manifest lightningcss-darwin-arm64@1.32.0
172 silly packumentCache full:https://registry.npmjs.org/lightningcss-darwin-arm64 cache-miss
173 silly fetch manifest lightningcss-linux-arm64-gnu@1.32.0
174 silly packumentCache full:https://registry.npmjs.org/lightningcss-linux-arm64-gnu cache-miss
175 silly fetch manifest lightningcss-linux-arm-gnueabihf@1.32.0
176 silly packumentCache full:https://registry.npmjs.org/lightningcss-linux-arm-gnueabihf cache-miss
177 silly fetch manifest lightningcss-linux-arm64-musl@1.32.0
178 silly packumentCache full:https://registry.npmjs.org/lightningcss-linux-arm64-musl cache-miss
179 silly fetch manifest lightningcss-linux-x64-musl@1.32.0
180 silly packumentCache full:https://registry.npmjs.org/lightningcss-linux-x64-musl cache-miss
181 silly fetch manifest lightningcss-freebsd-x64@1.32.0
182 silly packumentCache full:https://registry.npmjs.org/lightningcss-freebsd-x64 cache-miss
183 http fetch GET 200 https://registry.npmjs.org/lightningcss-win32-arm64-msvc 121ms (cache miss)
184 silly packumentCache full:https://registry.npmjs.org/lightningcss-win32-arm64-msvc set size:undefined disposed:false
185 silly fetch manifest lightningcss-android-arm64@1.32.0
186 silly packumentCache full:https://registry.npmjs.org/lightningcss-android-arm64 cache-miss
187 http fetch GET 200 https://registry.npmjs.org/detect-libc 144ms (cache miss)
188 silly packumentCache full:https://registry.npmjs.org/detect-libc set size:undefined disposed:false
189 silly fetch manifest nanoid@^3.3.12
190 silly packumentCache full:https://registry.npmjs.org/nanoid cache-miss
191 http fetch GET 200 https://registry.npmjs.org/lightningcss-win32-x64-msvc 156ms (cache miss)
192 silly packumentCache full:https://registry.npmjs.org/lightningcss-win32-x64-msvc set size:undefined disposed:false
193 silly fetch manifest picocolors@^1.1.1
194 silly packumentCache full:https://registry.npmjs.org/picocolors cache-miss
195 http fetch GET 200 https://registry.npmjs.org/lightningcss-darwin-x64 177ms (cache miss)
196 silly packumentCache full:https://registry.npmjs.org/lightningcss-darwin-x64 set size:undefined disposed:false
197 silly fetch manifest source-map-js@^1.2.1
198 silly packumentCache full:https://registry.npmjs.org/source-map-js cache-miss
199 http fetch GET 200 https://registry.npmjs.org/lightningcss-darwin-arm64 190ms (cache miss)
200 silly packumentCache full:https://registry.npmjs.org/lightningcss-darwin-arm64 set size:undefined disposed:false
201 silly fetch manifest @oxc-project/types@=0.132.0
202 silly packumentCache full:https://registry.npmjs.org/@oxc-project%2ftypes cache-miss
203 http fetch GET 200 https://registry.npmjs.org/lightningcss-android-arm64 78ms (cache miss)
204 silly packumentCache full:https://registry.npmjs.org/lightningcss-android-arm64 set size:undefined disposed:false
205 silly fetch manifest @rolldown/binding-darwin-x64@1.0.2
206 silly packumentCache full:https://registry.npmjs.org/@rolldown%2fbinding-darwin-x64 cache-miss
207 http fetch GET 200 https://registry.npmjs.org/picocolors 116ms (cache miss)
208 silly packumentCache full:https://registry.npmjs.org/picocolors set size:undefined disposed:false
209 silly fetch manifest @rolldown/binding-freebsd-x64@1.0.2
210 silly packumentCache full:https://registry.npmjs.org/@rolldown%2fbinding-freebsd-x64 cache-miss
211 http fetch GET 200 https://registry.npmjs.org/lightningcss-linux-arm-gnueabihf 318ms (cache miss)
212 silly packumentCache full:https://registry.npmjs.org/lightningcss-linux-arm-gnueabihf set size:undefined disposed:false
213 silly fetch manifest @rolldown/binding-wasm32-wasi@1.0.2
214 silly packumentCache full:https://registry.npmjs.org/@rolldown%2fbinding-wasm32-wasi cache-miss
215 http fetch GET 200 https://registry.npmjs.org/lightningcss-linux-arm64-musl 325ms (cache miss)
216 silly packumentCache full:https://registry.npmjs.org/lightningcss-linux-arm64-musl set size:undefined disposed:false
217 silly fetch manifest @rolldown/binding-darwin-arm64@1.0.2
218 silly packumentCache full:https://registry.npmjs.org/@rolldown%2fbinding-darwin-arm64 cache-miss
219 http fetch GET 200 https://registry.npmjs.org/source-map-js 171ms (cache miss)
220 silly packumentCache full:https://registry.npmjs.org/source-map-js set size:undefined disposed:false
221 silly fetch manifest @rolldown/binding-android-arm64@1.0.2
222 silly packumentCache full:https://registry.npmjs.org/@rolldown%2fbinding-android-arm64 cache-miss
223 http fetch GET 200 https://registry.npmjs.org/lightningcss-linux-arm64-gnu 366ms (cache miss)
224 silly packumentCache full:https://registry.npmjs.org/lightningcss-linux-arm64-gnu set size:undefined disposed:false
225 silly fetch manifest @rolldown/binding-linux-x64-gnu@1.0.2
226 silly packumentCache full:https://registry.npmjs.org/@rolldown%2fbinding-linux-x64-gnu cache-miss
227 http fetch GET 200 https://registry.npmjs.org/lightningcss-linux-x64-musl 368ms (cache miss)
228 silly packumentCache full:https://registry.npmjs.org/lightningcss-linux-x64-musl set size:undefined disposed:false
229 silly fetch manifest @rolldown/binding-linux-x64-musl@1.0.2
230 silly packumentCache full:https://registry.npmjs.org/@rolldown%2fbinding-linux-x64-musl cache-miss
231 http fetch GET 200 https://registry.npmjs.org/lightningcss-freebsd-x64 377ms (cache miss)
232 silly packumentCache full:https://registry.npmjs.org/lightningcss-freebsd-x64 set size:undefined disposed:false
233 silly fetch manifest @rolldown/binding-win32-x64-msvc@1.0.2
234 silly packumentCache full:https://registry.npmjs.org/@rolldown%2fbinding-win32-x64-msvc cache-miss
235 http fetch GET 200 https://registry.npmjs.org/nanoid 246ms (cache miss)
236 silly packumentCache full:https://registry.npmjs.org/nanoid set size:undefined disposed:false
237 silly fetch manifest @rolldown/binding-linux-arm64-gnu@1.0.2
238 silly packumentCache full:https://registry.npmjs.org/@rolldown%2fbinding-linux-arm64-gnu cache-miss
239 http fetch GET 200 https://registry.npmjs.org/@oxc-project%2ftypes 212ms (cache miss)
240 silly packumentCache full:https://registry.npmjs.org/@oxc-project%2ftypes set size:undefined disposed:false
241 silly fetch manifest @rolldown/binding-linux-ppc64-gnu@1.0.2
242 silly packumentCache full:https://registry.npmjs.org/@rolldown%2fbinding-linux-ppc64-gnu cache-miss
243 http fetch GET 200 https://registry.npmjs.org/lightningcss-linux-x64-gnu 485ms (cache miss)
244 silly packumentCache full:https://registry.npmjs.org/lightningcss-linux-x64-gnu set size:undefined disposed:false
245 silly fetch manifest @rolldown/binding-linux-s390x-gnu@1.0.2
246 silly packumentCache full:https://registry.npmjs.org/@rolldown%2fbinding-linux-s390x-gnu cache-miss
247 http fetch GET 200 https://registry.npmjs.org/@rolldown%2fbinding-darwin-x64 292ms (cache miss)
248 silly packumentCache full:https://registry.npmjs.org/@rolldown%2fbinding-darwin-x64 set size:undefined disposed:false
249 silly fetch manifest @rolldown/binding-linux-arm64-musl@1.0.2
250 silly packumentCache full:https://registry.npmjs.org/@rolldown%2fbinding-linux-arm64-musl cache-miss
251 http fetch GET 200 https://registry.npmjs.org/@rolldown%2fbinding-freebsd-x64 292ms (cache miss)
252 silly packumentCache full:https://registry.npmjs.org/@rolldown%2fbinding-freebsd-x64 set size:undefined disposed:false
253 silly fetch manifest @rolldown/binding-win32-arm64-msvc@1.0.2
254 silly packumentCache full:https://registry.npmjs.org/@rolldown%2fbinding-win32-arm64-msvc cache-miss
255 http fetch GET 200 https://registry.npmjs.org/@rolldown%2fbinding-android-arm64 261ms (cache miss)
256 silly packumentCache full:https://registry.npmjs.org/@rolldown%2fbinding-android-arm64 set size:undefined disposed:false
257 silly fetch manifest @rolldown/binding-openharmony-arm64@1.0.2
258 silly packumentCache full:https://registry.npmjs.org/@rolldown%2fbinding-openharmony-arm64 cache-miss
259 http fetch GET 200 https://registry.npmjs.org/@rolldown%2fbinding-linux-ppc64-gnu 283ms (cache miss)
260 silly packumentCache full:https://registry.npmjs.org/@rolldown%2fbinding-linux-ppc64-gnu set size:undefined disposed:false
261 silly fetch manifest @rolldown/binding-linux-arm-gnueabihf@1.0.2
262 silly packumentCache full:https://registry.npmjs.org/@rolldown%2fbinding-linux-arm-gnueabihf cache-miss
263 http fetch GET 200 https://registry.npmjs.org/@rolldown%2fbinding-linux-s390x-gnu 348ms (cache miss)
264 silly packumentCache full:https://registry.npmjs.org/@rolldown%2fbinding-linux-s390x-gnu set size:undefined disposed:false
265 silly fetch manifest fdir@^6.5.0
266 silly packumentCache full:https://registry.npmjs.org/fdir cache-miss
267 http fetch GET 200 https://registry.npmjs.org/@rolldown%2fbinding-linux-arm64-gnu 446ms (cache miss)
268 silly packumentCache full:https://registry.npmjs.org/@rolldown%2fbinding-linux-arm64-gnu set size:undefined disposed:false
269 http fetch GET 200 https://registry.npmjs.org/@rolldown%2fbinding-linux-arm64-musl 509ms (cache miss)
270 silly packumentCache full:https://registry.npmjs.org/@rolldown%2fbinding-linux-arm64-musl set size:undefined disposed:false
271 http fetch GET 200 https://registry.npmjs.org/@rolldown%2fbinding-openharmony-arm64 451ms (cache miss)
272 silly packumentCache full:https://registry.npmjs.org/@rolldown%2fbinding-openharmony-arm64 set size:undefined disposed:false
273 http fetch GET 200 https://registry.npmjs.org/@rolldown%2fbinding-win32-arm64-msvc 566ms (cache miss)
274 silly packumentCache full:https://registry.npmjs.org/@rolldown%2fbinding-win32-arm64-msvc set size:undefined disposed:false
275 http fetch GET 200 https://registry.npmjs.org/@rolldown%2fbinding-wasm32-wasi 949ms (cache miss)
276 silly packumentCache full:https://registry.npmjs.org/@rolldown%2fbinding-wasm32-wasi set size:undefined disposed:false
277 http fetch GET 200 https://registry.npmjs.org/fdir 466ms (cache miss)
278 silly packumentCache full:https://registry.npmjs.org/fdir set size:undefined disposed:false
279 http fetch GET 200 https://registry.npmjs.org/@rolldown%2fbinding-darwin-arm64 987ms (cache miss)
280 silly packumentCache full:https://registry.npmjs.org/@rolldown%2fbinding-darwin-arm64 set size:undefined disposed:false
281 http fetch GET 200 https://registry.npmjs.org/@rolldown%2fbinding-linux-x64-musl 981ms (cache miss)
282 silly packumentCache full:https://registry.npmjs.org/@rolldown%2fbinding-linux-x64-musl set size:undefined disposed:false
283 http fetch GET 200 https://registry.npmjs.org/@rolldown%2fbinding-linux-x64-gnu 1005ms (cache miss)
284 silly packumentCache full:https://registry.npmjs.org/@rolldown%2fbinding-linux-x64-gnu set size:undefined disposed:false
285 http fetch GET 200 https://registry.npmjs.org/@rolldown%2fbinding-win32-x64-msvc 1022ms (cache miss)
286 silly packumentCache full:https://registry.npmjs.org/@rolldown%2fbinding-win32-x64-msvc set size:undefined disposed:false
287 http fetch GET 200 https://registry.npmjs.org/@rolldown%2fbinding-linux-arm-gnueabihf 742ms (cache miss)
288 silly packumentCache full:https://registry.npmjs.org/@rolldown%2fbinding-linux-arm-gnueabihf set size:undefined disposed:false
289 silly placeDep ROOT detect-libc@2.1.2 OK for: lightningcss@1.32.0 want: ^2.0.3
290 silly placeDep ROOT lightningcss-android-arm64@1.32.0 OK for: lightningcss@1.32.0 want: 1.32.0
291 silly placeDep ROOT lightningcss-darwin-arm64@1.32.0 OK for: lightningcss@1.32.0 want: 1.32.0
292 silly placeDep ROOT lightningcss-darwin-x64@1.32.0 OK for: lightningcss@1.32.0 want: 1.32.0
293 silly placeDep ROOT lightningcss-freebsd-x64@1.32.0 OK for: lightningcss@1.32.0 want: 1.32.0
294 silly placeDep ROOT lightningcss-linux-arm-gnueabihf@1.32.0 OK for: lightningcss@1.32.0 want: 1.32.0
295 silly placeDep ROOT lightningcss-linux-arm64-gnu@1.32.0 OK for: lightningcss@1.32.0 want: 1.32.0
296 silly placeDep ROOT lightningcss-linux-arm64-musl@1.32.0 OK for: lightningcss@1.32.0 want: 1.32.0
297 silly placeDep ROOT lightningcss-linux-x64-gnu@1.32.0 OK for: lightningcss@1.32.0 want: 1.32.0
298 silly placeDep ROOT lightningcss-linux-x64-musl@1.32.0 OK for: lightningcss@1.32.0 want: 1.32.0
299 silly placeDep ROOT lightningcss-win32-arm64-msvc@1.32.0 OK for: lightningcss@1.32.0 want: 1.32.0
300 silly placeDep ROOT lightningcss-win32-x64-msvc@1.32.0 OK for: lightningcss@1.32.0 want: 1.32.0
301 silly placeDep ROOT nanoid@3.3.12 OK for: postcss@8.5.15 want: ^3.3.12
302 silly placeDep ROOT picocolors@1.1.1 OK for: postcss@8.5.15 want: ^1.1.1
303 silly placeDep ROOT source-map-js@1.2.1 OK for: postcss@8.5.15 want: ^1.2.1
304 silly placeDep ROOT @oxc-project/types@0.132.0 OK for: rolldown@1.0.2 want: =0.132.0
305 silly placeDep ROOT @rolldown/binding-android-arm64@1.0.2 OK for: rolldown@1.0.2 want: 1.0.2
306 silly placeDep ROOT @rolldown/binding-darwin-arm64@1.0.2 OK for: rolldown@1.0.2 want: 1.0.2
307 silly placeDep ROOT @rolldown/binding-darwin-x64@1.0.2 OK for: rolldown@1.0.2 want: 1.0.2
308 silly placeDep ROOT @rolldown/binding-freebsd-x64@1.0.2 OK for: rolldown@1.0.2 want: 1.0.2
309 silly placeDep ROOT @rolldown/binding-linux-arm-gnueabihf@1.0.2 OK for: rolldown@1.0.2 want: 1.0.2
310 silly placeDep ROOT @rolldown/binding-linux-arm64-gnu@1.0.2 OK for: rolldown@1.0.2 want: 1.0.2
311 silly placeDep ROOT @rolldown/binding-linux-arm64-musl@1.0.2 OK for: rolldown@1.0.2 want: 1.0.2
312 silly placeDep ROOT @rolldown/binding-linux-ppc64-gnu@1.0.2 OK for: rolldown@1.0.2 want: 1.0.2
313 silly placeDep ROOT @rolldown/binding-linux-s390x-gnu@1.0.2 OK for: rolldown@1.0.2 want: 1.0.2
314 silly placeDep ROOT @rolldown/binding-linux-x64-gnu@1.0.2 OK for: rolldown@1.0.2 want: 1.0.2
315 silly placeDep ROOT @rolldown/binding-linux-x64-musl@1.0.2 OK for: rolldown@1.0.2 want: 1.0.2
316 silly placeDep ROOT @rolldown/binding-openharmony-arm64@1.0.2 OK for: rolldown@1.0.2 want: 1.0.2
317 silly placeDep ROOT @rolldown/binding-wasm32-wasi@1.0.2 OK for: rolldown@1.0.2 want: 1.0.2
318 silly placeDep ROOT @rolldown/binding-win32-arm64-msvc@1.0.2 OK for: rolldown@1.0.2 want: 1.0.2
319 silly placeDep ROOT @rolldown/binding-win32-x64-msvc@1.0.2 OK for: rolldown@1.0.2 want: 1.0.2
320 silly fetch manifest @emnapi/core@1.10.0
321 silly packumentCache full:https://registry.npmjs.org/@emnapi%2fcore cache-miss
322 silly fetch manifest @emnapi/runtime@1.10.0
323 silly packumentCache full:https://registry.npmjs.org/@emnapi%2fruntime cache-miss
324 silly fetch manifest @napi-rs/wasm-runtime@^1.1.4
325 silly packumentCache full:https://registry.npmjs.org/@napi-rs%2fwasm-runtime cache-miss
326 http fetch GET 200 https://registry.npmjs.org/@napi-rs%2fwasm-runtime 99ms (cache miss)
327 silly packumentCache full:https://registry.npmjs.org/@napi-rs%2fwasm-runtime set size:undefined disposed:false
328 http fetch GET 200 https://registry.npmjs.org/@emnapi%2fcore 135ms (cache miss)
329 silly packumentCache full:https://registry.npmjs.org/@emnapi%2fcore set size:undefined disposed:false
330 http fetch GET 200 https://registry.npmjs.org/@emnapi%2fruntime 148ms (cache miss)
331 silly packumentCache full:https://registry.npmjs.org/@emnapi%2fruntime set size:undefined disposed:false
332 silly placeDep ROOT @emnapi/core@1.10.0 OK for: @rolldown/binding-wasm32-wasi@1.0.2 want: 1.10.0
333 silly placeDep ROOT @emnapi/runtime@1.10.0 OK for: @rolldown/binding-wasm32-wasi@1.0.2 want: 1.10.0
334 silly placeDep ROOT @napi-rs/wasm-runtime@1.1.4 OK for: @rolldown/binding-wasm32-wasi@1.0.2 want: ^1.1.4
335 silly fetch manifest tslib@^2.4.0
336 silly packumentCache full:https://registry.npmjs.org/tslib cache-miss
337 silly fetch manifest @emnapi/wasi-threads@1.2.1
338 silly packumentCache full:https://registry.npmjs.org/@emnapi%2fwasi-threads cache-miss
339 silly fetch manifest tslib@^2.4.0
340 silly packumentCache full:https://registry.npmjs.org/tslib cache-miss
341 silly fetch manifest @tybys/wasm-util@^0.10.1
342 silly packumentCache full:https://registry.npmjs.org/@tybys%2fwasm-util cache-miss
343 http fetch GET 200 https://registry.npmjs.org/@tybys%2fwasm-util 125ms (cache miss)
344 silly packumentCache full:https://registry.npmjs.org/@tybys%2fwasm-util set size:undefined disposed:false
345 http fetch GET 200 https://registry.npmjs.org/tslib 129ms (cache miss)
346 silly packumentCache full:https://registry.npmjs.org/tslib set size:undefined disposed:false
347 http fetch GET 200 https://registry.npmjs.org/tslib 129ms (cache miss)
348 silly packumentCache full:https://registry.npmjs.org/tslib set size:undefined disposed:false
349 http fetch GET 200 https://registry.npmjs.org/@emnapi%2fwasi-threads 151ms (cache miss)
350 silly packumentCache full:https://registry.npmjs.org/@emnapi%2fwasi-threads set size:undefined disposed:false
351 silly placeDep ROOT @emnapi/wasi-threads@1.2.1 OK for: @emnapi/core@1.10.0 want: 1.2.1
352 silly placeDep ROOT tslib@2.8.1 OK for: @emnapi/core@1.10.0 want: ^2.4.0
353 silly placeDep ROOT @tybys/wasm-util@0.10.2 OK for: @napi-rs/wasm-runtime@1.1.4 want: ^0.10.1
354 silly placeDep ROOT fdir@6.5.0 OK for: tinyglobby@0.2.16 want: ^6.5.0
355 silly reify moves {}
356 silly audit bulk request {
356 silly audit   '@vitejs/plugin-react': [ '6.0.2' ],
356 silly audit   vite: [ '8.0.14' ],
356 silly audit   'lucide-react': [ '1.17.0' ],
356 silly audit   react: [ '19.2.6' ],
356 silly audit   'react-dom': [ '19.2.6' ],
356 silly audit   typescript: [ '6.0.3' ],
356 silly audit   '@rolldown/pluginutils': [ '1.0.1' ],
356 silly audit   scheduler: [ '0.27.0' ],
356 silly audit   fsevents: [ '2.3.3' ],
356 silly audit   lightningcss: [ '1.32.0' ],
356 silly audit   picomatch: [ '4.0.4' ],
356 silly audit   postcss: [ '8.5.15' ],
356 silly audit   rolldown: [ '1.0.2' ],
356 silly audit   tinyglobby: [ '0.2.16' ],
356 silly audit   'detect-libc': [ '2.1.2' ],
356 silly audit   'lightningcss-android-arm64': [ '1.32.0' ],
356 silly audit   'lightningcss-darwin-arm64': [ '1.32.0' ],
356 silly audit   'lightningcss-darwin-x64': [ '1.32.0' ],
356 silly audit   'lightningcss-freebsd-x64': [ '1.32.0' ],
356 silly audit   'lightningcss-linux-arm-gnueabihf': [ '1.32.0' ],
356 silly audit   'lightningcss-linux-arm64-gnu': [ '1.32.0' ],
356 silly audit   'lightningcss-linux-arm64-musl': [ '1.32.0' ],
356 silly audit   'lightningcss-linux-x64-gnu': [ '1.32.0' ],
356 silly audit   'lightningcss-linux-x64-musl': [ '1.32.0' ],
356 silly audit   'lightningcss-win32-arm64-msvc': [ '1.32.0' ],
356 silly audit   'lightningcss-win32-x64-msvc': [ '1.32.0' ],
356 silly audit   nanoid: [ '3.3.12' ],
356 silly audit   picocolors: [ '1.1.1' ],
356 silly audit   'source-map-js': [ '1.2.1' ],
356 silly audit   '@oxc-project/types': [ '0.132.0' ],
356 silly audit   '@rolldown/binding-android-arm64': [ '1.0.2' ],
356 silly audit   '@rolldown/binding-darwin-arm64': [ '1.0.2' ],
356 silly audit   '@rolldown/binding-darwin-x64': [ '1.0.2' ],
356 silly audit   '@rolldown/binding-freebsd-x64': [ '1.0.2' ],
356 silly audit   '@rolldown/binding-linux-arm-gnueabihf': [ '1.0.2' ],
356 silly audit   '@rolldown/binding-linux-arm64-gnu': [ '1.0.2' ],
356 silly audit   '@rolldown/binding-linux-arm64-musl': [ '1.0.2' ],
356 silly audit   '@rolldown/binding-linux-ppc64-gnu': [ '1.0.2' ],
356 silly audit   '@rolldown/binding-linux-s390x-gnu': [ '1.0.2' ],
356 silly audit   '@rolldown/binding-linux-x64-gnu': [ '1.0.2' ],
356 silly audit   '@rolldown/binding-linux-x64-musl': [ '1.0.2' ],
356 silly audit   '@rolldown/binding-openharmony-arm64': [ '1.0.2' ],
356 silly audit   '@rolldown/binding-wasm32-wasi': [ '1.0.2' ],
356 silly audit   '@rolldown/binding-win32-arm64-msvc': [ '1.0.2' ],
356 silly audit   '@rolldown/binding-win32-x64-msvc': [ '1.0.2' ],
356 silly audit   '@emnapi/core': [ '1.10.0' ],
356 silly audit   '@emnapi/runtime': [ '1.10.0' ],
356 silly audit   '@napi-rs/wasm-runtime': [ '1.1.4' ],
356 silly audit   '@emnapi/wasi-threads': [ '1.2.1' ],
356 silly audit   tslib: [ '2.8.1' ],
356 silly audit   '@tybys/wasm-util': [ '0.10.2' ],
356 silly audit   fdir: [ '6.5.0' ]
356 silly audit }
357 verbose reify failed optional dependency C:\Users\kinga\Desktop\mine\node_modules\@rolldown\binding-win32-arm64-msvc
358 silly reify mark deleted [
358 silly reify   'C:\\Users\\kinga\\Desktop\\mine\\node_modules\\@rolldown\\binding-win32-arm64-msvc'
358 silly reify ]
359 verbose reify failed optional dependency C:\Users\kinga\Desktop\mine\node_modules\@rolldown\binding-wasm32-wasi
360 silly reify mark deleted [
360 silly reify   'C:\\Users\\kinga\\Desktop\\mine\\node_modules\\@rolldown\\binding-wasm32-wasi'
360 silly reify ]
361 verbose reify failed optional dependency C:\Users\kinga\Desktop\mine\node_modules\@emnapi\core
362 silly reify mark deleted [ 'C:\\Users\\kinga\\Desktop\\mine\\node_modules\\@emnapi\\core' ]
363 verbose reify failed optional dependency C:\Users\kinga\Desktop\mine\node_modules\@emnapi\runtime
364 silly reify mark deleted [ 'C:\\Users\\kinga\\Desktop\\mine\\node_modules\\@emnapi\\runtime' ]
365 verbose reify failed optional dependency C:\Users\kinga\Desktop\mine\node_modules\@napi-rs\wasm-runtime
366 silly reify mark deleted [
366 silly reify   'C:\\Users\\kinga\\Desktop\\mine\\node_modules\\@napi-rs\\wasm-runtime'
366 silly reify ]
367 verbose reify failed optional dependency C:\Users\kinga\Desktop\mine\node_modules\tslib
368 silly reify mark deleted [ 'C:\\Users\\kinga\\Desktop\\mine\\node_modules\\tslib' ]
369 verbose reify failed optional dependency C:\Users\kinga\Desktop\mine\node_modules\@emnapi\wasi-threads
370 silly reify mark deleted [
370 silly reify   'C:\\Users\\kinga\\Desktop\\mine\\node_modules\\@emnapi\\wasi-threads'
370 silly reify ]
371 verbose reify failed optional dependency C:\Users\kinga\Desktop\mine\node_modules\@tybys\wasm-util
372 silly reify mark deleted [ 'C:\\Users\\kinga\\Desktop\\mine\\node_modules\\@tybys\\wasm-util' ]
373 verbose reify failed optional dependency C:\Users\kinga\Desktop\mine\node_modules\@rolldown\binding-openharmony-arm64
374 silly reify mark deleted [
374 silly reify   'C:\\Users\\kinga\\Desktop\\mine\\node_modules\\@rolldown\\binding-openharmony-arm64'
374 silly reify ]
375 verbose reify failed optional dependency C:\Users\kinga\Desktop\mine\node_modules\@rolldown\binding-linux-x64-musl
376 silly reify mark deleted [
376 silly reify   'C:\\Users\\kinga\\Desktop\\mine\\node_modules\\@rolldown\\binding-linux-x64-musl'
376 silly reify ]
377 verbose reify failed optional dependency C:\Users\kinga\Desktop\mine\node_modules\@rolldown\binding-linux-x64-gnu
378 silly reify mark deleted [
378 silly reify   'C:\\Users\\kinga\\Desktop\\mine\\node_modules\\@rolldown\\binding-linux-x64-gnu'
378 silly reify ]
379 verbose reify failed optional dependency C:\Users\kinga\Desktop\mine\node_modules\@rolldown\binding-linux-s390x-gnu
380 silly reify mark deleted [
380 silly reify   'C:\\Users\\kinga\\Desktop\\mine\\node_modules\\@rolldown\\binding-linux-s390x-gnu'
380 silly reify ]
381 verbose reify failed optional dependency C:\Users\kinga\Desktop\mine\node_modules\@rolldown\binding-linux-ppc64-gnu
382 silly reify mark deleted [
382 silly reify   'C:\\Users\\kinga\\Desktop\\mine\\node_modules\\@rolldown\\binding-linux-ppc64-gnu'
382 silly reify ]
383 verbose reify failed optional dependency C:\Users\kinga\Desktop\mine\node_modules\@rolldown\binding-linux-arm64-musl
384 silly reify mark deleted [
384 silly reify   'C:\\Users\\kinga\\Desktop\\mine\\node_modules\\@rolldown\\binding-linux-arm64-musl'
384 silly reify ]
385 verbose reify failed optional dependency C:\Users\kinga\Desktop\mine\node_modules\@rolldown\binding-linux-arm64-gnu
386 silly reify mark deleted [
386 silly reify   'C:\\Users\\kinga\\Desktop\\mine\\node_modules\\@rolldown\\binding-linux-arm64-gnu'
386 silly reify ]
387 verbose reify failed optional dependency C:\Users\kinga\Desktop\mine\node_modules\@rolldown\binding-linux-arm-gnueabihf
388 silly reify mark deleted [
388 silly reify   'C:\\Users\\kinga\\Desktop\\mine\\node_modules\\@rolldown\\binding-linux-arm-gnueabihf'
388 silly reify ]
389 verbose reify failed optional dependency C:\Users\kinga\Desktop\mine\node_modules\@rolldown\binding-freebsd-x64
390 silly reify mark deleted [
390 silly reify   'C:\\Users\\kinga\\Desktop\\mine\\node_modules\\@rolldown\\binding-freebsd-x64'
390 silly reify ]
391 verbose reify failed optional dependency C:\Users\kinga\Desktop\mine\node_modules\@rolldown\binding-darwin-x64
392 silly reify mark deleted [
392 silly reify   'C:\\Users\\kinga\\Desktop\\mine\\node_modules\\@rolldown\\binding-darwin-x64'
392 silly reify ]
393 verbose reify failed optional dependency C:\Users\kinga\Desktop\mine\node_modules\@rolldown\binding-darwin-arm64
394 silly reify mark deleted [
394 silly reify   'C:\\Users\\kinga\\Desktop\\mine\\node_modules\\@rolldown\\binding-darwin-arm64'
394 silly reify ]
395 verbose reify failed optional dependency C:\Users\kinga\Desktop\mine\node_modules\@rolldown\binding-android-arm64
396 silly reify mark deleted [
396 silly reify   'C:\\Users\\kinga\\Desktop\\mine\\node_modules\\@rolldown\\binding-android-arm64'
396 silly reify ]
397 verbose reify failed optional dependency C:\Users\kinga\Desktop\mine\node_modules\lightningcss-win32-arm64-msvc
398 silly reify mark deleted [
398 silly reify   'C:\\Users\\kinga\\Desktop\\mine\\node_modules\\lightningcss-win32-arm64-msvc'
398 silly reify ]
399 verbose reify failed optional dependency C:\Users\kinga\Desktop\mine\node_modules\lightningcss-linux-x64-musl
400 silly reify mark deleted [
400 silly reify   'C:\\Users\\kinga\\Desktop\\mine\\node_modules\\lightningcss-linux-x64-musl'
400 silly reify ]
401 verbose reify failed optional dependency C:\Users\kinga\Desktop\mine\node_modules\lightningcss-linux-x64-gnu
402 silly reify mark deleted [
402 silly reify   'C:\\Users\\kinga\\Desktop\\mine\\node_modules\\lightningcss-linux-x64-gnu'
402 silly reify ]
403 verbose reify failed optional dependency C:\Users\kinga\Desktop\mine\node_modules\lightningcss-linux-arm64-musl
404 silly reify mark deleted [
404 silly reify   'C:\\Users\\kinga\\Desktop\\mine\\node_modules\\lightningcss-linux-arm64-musl'
404 silly reify ]
405 verbose reify failed optional dependency C:\Users\kinga\Desktop\mine\node_modules\lightningcss-linux-arm64-gnu
406 silly reify mark deleted [
406 silly reify   'C:\\Users\\kinga\\Desktop\\mine\\node_modules\\lightningcss-linux-arm64-gnu'
406 silly reify ]
407 verbose reify failed optional dependency C:\Users\kinga\Desktop\mine\node_modules\lightningcss-linux-arm-gnueabihf
408 silly reify mark deleted [
408 silly reify   'C:\\Users\\kinga\\Desktop\\mine\\node_modules\\lightningcss-linux-arm-gnueabihf'
408 silly reify ]
409 verbose reify failed optional dependency C:\Users\kinga\Desktop\mine\node_modules\lightningcss-freebsd-x64
410 silly reify mark deleted [
410 silly reify   'C:\\Users\\kinga\\Desktop\\mine\\node_modules\\lightningcss-freebsd-x64'
410 silly reify ]
411 verbose reify failed optional dependency C:\Users\kinga\Desktop\mine\node_modules\lightningcss-darwin-x64
412 silly reify mark deleted [
412 silly reify   'C:\\Users\\kinga\\Desktop\\mine\\node_modules\\lightningcss-darwin-x64'
412 silly reify ]
413 verbose reify failed optional dependency C:\Users\kinga\Desktop\mine\node_modules\lightningcss-darwin-arm64
414 silly reify mark deleted [
414 silly reify   'C:\\Users\\kinga\\Desktop\\mine\\node_modules\\lightningcss-darwin-arm64'
414 silly reify ]
415 verbose reify failed optional dependency C:\Users\kinga\Desktop\mine\node_modules\lightningcss-android-arm64
416 silly reify mark deleted [
416 silly reify   'C:\\Users\\kinga\\Desktop\\mine\\node_modules\\lightningcss-android-arm64'
416 silly reify ]
417 verbose reify failed optional dependency C:\Users\kinga\Desktop\mine\node_modules\fsevents
418 silly reify mark deleted [ 'C:\\Users\\kinga\\Desktop\\mine\\node_modules\\fsevents' ]
419 http cache @tybys/wasm-util@https://registry.npmjs.org/@tybys/wasm-util/-/wasm-util-0.10.2.tgz 0ms (cache hit)
420 http cache fdir@https://registry.npmjs.org/fdir/-/fdir-6.5.0.tgz 0ms (cache hit)
421 http cache tslib@https://registry.npmjs.org/tslib/-/tslib-2.8.1.tgz 0ms (cache hit)
422 http cache @emnapi/wasi-threads@https://registry.npmjs.org/@emnapi/wasi-threads/-/wasi-threads-1.2.1.tgz 0ms (cache hit)
423 http cache @emnapi/runtime@https://registry.npmjs.org/@emnapi/runtime/-/runtime-1.10.0.tgz 1ms (cache hit)
424 http cache @emnapi/core@https://registry.npmjs.org/@emnapi/core/-/core-1.10.0.tgz 0ms (cache hit)
425 http cache @napi-rs/wasm-runtime@https://registry.npmjs.org/@napi-rs/wasm-runtime/-/wasm-runtime-1.1.4.tgz 0ms (cache hit)
426 http cache @rolldown/binding-win32-x64-msvc@https://registry.npmjs.org/@rolldown/binding-win32-x64-msvc/-/binding-win32-x64-msvc-1.0.2.tgz 0ms (cache hit)
427 http cache @oxc-project/types@https://registry.npmjs.org/@oxc-project/types/-/types-0.132.0.tgz 0ms (cache hit)
428 http cache picocolors@https://registry.npmjs.org/picocolors/-/picocolors-1.1.1.tgz 0ms (cache hit)
429 http cache nanoid@https://registry.npmjs.org/nanoid/-/nanoid-3.3.12.tgz 0ms (cache hit)
430 http cache lightningcss-win32-x64-msvc@https://registry.npmjs.org/lightningcss-win32-x64-msvc/-/lightningcss-win32-x64-msvc-1.32.0.tgz 0ms (cache hit)
431 http cache source-map-js@https://registry.npmjs.org/source-map-js/-/source-map-js-1.2.1.tgz 1ms (cache hit)
432 http cache tinyglobby@https://registry.npmjs.org/tinyglobby/-/tinyglobby-0.2.16.tgz 0ms (cache hit)
433 http cache detect-libc@https://registry.npmjs.org/detect-libc/-/detect-libc-2.1.2.tgz 0ms (cache hit)
434 http cache postcss@https://registry.npmjs.org/postcss/-/postcss-8.5.15.tgz 0ms (cache hit)
435 http cache picomatch@https://registry.npmjs.org/picomatch/-/picomatch-4.0.4.tgz 0ms (cache hit)
436 http cache rolldown@https://registry.npmjs.org/rolldown/-/rolldown-1.0.2.tgz 0ms (cache hit)
437 http cache lightningcss@https://registry.npmjs.org/lightningcss/-/lightningcss-1.32.0.tgz 0ms (cache hit)
438 http cache typescript@https://registry.npmjs.org/typescript/-/typescript-6.0.3.tgz 0ms (cache hit)
439 http cache scheduler@https://registry.npmjs.org/scheduler/-/scheduler-0.27.0.tgz 0ms (cache hit)
440 http cache react-dom@https://registry.npmjs.org/react-dom/-/react-dom-19.2.6.tgz 0ms (cache hit)
441 http cache react@https://registry.npmjs.org/react/-/react-19.2.6.tgz 0ms (cache hit)
442 http cache @rolldown/pluginutils@https://registry.npmjs.org/@rolldown/pluginutils/-/pluginutils-1.0.1.tgz 0ms (cache hit)
443 silly tarball no local data for @tybys/wasm-util@https://registry.npmjs.org/@tybys/wasm-util/-/wasm-util-0.10.2.tgz. Extracting by manifest.
444 silly tarball no local data for fdir@https://registry.npmjs.org/fdir/-/fdir-6.5.0.tgz. Extracting by manifest.
445 silly tarball no local data for tslib@https://registry.npmjs.org/tslib/-/tslib-2.8.1.tgz. Extracting by manifest.
446 http cache vite@https://registry.npmjs.org/vite/-/vite-8.0.14.tgz 0ms (cache hit)
447 http cache lucide-react@https://registry.npmjs.org/lucide-react/-/lucide-react-1.17.0.tgz 0ms (cache hit)
448 silly tarball no local data for @emnapi/wasi-threads@https://registry.npmjs.org/@emnapi/wasi-threads/-/wasi-threads-1.2.1.tgz. Extracting by manifest.
449 silly tarball no local data for @emnapi/runtime@https://registry.npmjs.org/@emnapi/runtime/-/runtime-1.10.0.tgz. Extracting by manifest.
450 silly tarball no local data for @emnapi/core@https://registry.npmjs.org/@emnapi/core/-/core-1.10.0.tgz. Extracting by manifest.
451 silly tarball no local data for @napi-rs/wasm-runtime@https://registry.npmjs.org/@napi-rs/wasm-runtime/-/wasm-runtime-1.1.4.tgz. Extracting by manifest.
452 http cache @vitejs/plugin-react@https://registry.npmjs.org/@vitejs/plugin-react/-/plugin-react-6.0.2.tgz 0ms (cache hit)
453 silly tarball no local data for @rolldown/binding-win32-x64-msvc@https://registry.npmjs.org/@rolldown/binding-win32-x64-msvc/-/binding-win32-x64-msvc-1.0.2.tgz. Extracting by manifest.
454 silly tarball no local data for @oxc-project/types@https://registry.npmjs.org/@oxc-project/types/-/types-0.132.0.tgz. Extracting by manifest.
455 silly tarball no local data for picocolors@https://registry.npmjs.org/picocolors/-/picocolors-1.1.1.tgz. Extracting by manifest.
456 silly tarball no local data for nanoid@https://registry.npmjs.org/nanoid/-/nanoid-3.3.12.tgz. Extracting by manifest.
457 silly tarball no local data for lightningcss-win32-x64-msvc@https://registry.npmjs.org/lightningcss-win32-x64-msvc/-/lightningcss-win32-x64-msvc-1.32.0.tgz. Extracting by manifest.
458 silly tarball no local data for source-map-js@https://registry.npmjs.org/source-map-js/-/source-map-js-1.2.1.tgz. Extracting by manifest.
459 silly tarball no local data for tinyglobby@https://registry.npmjs.org/tinyglobby/-/tinyglobby-0.2.16.tgz. Extracting by manifest.
460 silly tarball no local data for detect-libc@https://registry.npmjs.org/detect-libc/-/detect-libc-2.1.2.tgz. Extracting by manifest.
461 silly tarball no local data for postcss@https://registry.npmjs.org/postcss/-/postcss-8.5.15.tgz. Extracting by manifest.
462 silly tarball no local data for picomatch@https://registry.npmjs.org/picomatch/-/picomatch-4.0.4.tgz. Extracting by manifest.
463 silly tarball no local data for rolldown@https://registry.npmjs.org/rolldown/-/rolldown-1.0.2.tgz. Extracting by manifest.
464 silly tarball no local data for lightningcss@https://registry.npmjs.org/lightningcss/-/lightningcss-1.32.0.tgz. Extracting by manifest.
465 silly tarball no local data for typescript@https://registry.npmjs.org/typescript/-/typescript-6.0.3.tgz. Extracting by manifest.
466 silly tarball no local data for scheduler@https://registry.npmjs.org/scheduler/-/scheduler-0.27.0.tgz. Extracting by manifest.
467 silly tarball no local data for react-dom@https://registry.npmjs.org/react-dom/-/react-dom-19.2.6.tgz. Extracting by manifest.
468 silly tarball no local data for react@https://registry.npmjs.org/react/-/react-19.2.6.tgz. Extracting by manifest.
469 silly tarball no local data for @rolldown/pluginutils@https://registry.npmjs.org/@rolldown/pluginutils/-/pluginutils-1.0.1.tgz. Extracting by manifest.
470 silly tarball no local data for vite@https://registry.npmjs.org/vite/-/vite-8.0.14.tgz. Extracting by manifest.
471 silly tarball no local data for lucide-react@https://registry.npmjs.org/lucide-react/-/lucide-react-1.17.0.tgz. Extracting by manifest.
472 silly tarball no local data for @vitejs/plugin-react@https://registry.npmjs.org/@vitejs/plugin-react/-/plugin-react-6.0.2.tgz. Extracting by manifest.
473 http fetch GET 200 https://registry.npmjs.org/picocolors/-/picocolors-1.1.1.tgz 171ms (cache miss)
474 http fetch GET 200 https://registry.npmjs.org/fdir/-/fdir-6.5.0.tgz 207ms (cache miss)
475 http fetch GET 200 https://registry.npmjs.org/@oxc-project/types/-/types-0.132.0.tgz 203ms (cache miss)
476 http fetch GET 200 https://registry.npmjs.org/tslib/-/tslib-2.8.1.tgz 257ms (cache miss)
477 http fetch GET 200 https://registry.npmjs.org/@emnapi/wasi-threads/-/wasi-threads-1.2.1.tgz 278ms (cache miss)
478 http fetch GET 200 https://registry.npmjs.org/@emnapi/runtime/-/runtime-1.10.0.tgz 346ms (cache miss)
479 http fetch GET 200 https://registry.npmjs.org/detect-libc/-/detect-libc-2.1.2.tgz 358ms (cache miss)
480 http fetch GET 200 https://registry.npmjs.org/picomatch/-/picomatch-4.0.4.tgz 506ms (cache miss)
481 http fetch GET 200 https://registry.npmjs.org/postcss/-/postcss-8.5.15.tgz 619ms (cache miss)
482 http fetch GET 200 https://registry.npmjs.org/@emnapi/core/-/core-1.10.0.tgz 673ms (cache miss)
483 http fetch POST 200 https://registry.npmjs.org/-/npm/v1/security/advisories/bulk 738ms
484 silly audit report {}
485 http fetch GET 200 https://registry.npmjs.org/scheduler/-/scheduler-0.27.0.tgz 847ms (cache miss)
486 http fetch GET 200 https://registry.npmjs.org/@tybys/wasm-util/-/wasm-util-0.10.2.tgz 918ms (cache miss)
487 http fetch GET 200 https://registry.npmjs.org/lightningcss/-/lightningcss-1.32.0.tgz 1048ms (cache miss)
488 http fetch GET 200 https://registry.npmjs.org/react/-/react-19.2.6.tgz 1045ms (cache miss)
489 http fetch GET 200 https://registry.npmjs.org/@rolldown/pluginutils/-/pluginutils-1.0.1.tgz 1070ms (cache miss)
490 http fetch GET 200 https://registry.npmjs.org/tinyglobby/-/tinyglobby-0.2.16.tgz 1458ms (cache miss)
491 http fetch GET 200 https://registry.npmjs.org/nanoid/-/nanoid-3.3.12.tgz 1493ms (cache miss)
492 http fetch GET 200 https://registry.npmjs.org/source-map-js/-/source-map-js-1.2.1.tgz 1536ms (cache miss)
493 http fetch GET 200 https://registry.npmjs.org/rolldown/-/rolldown-1.0.2.tgz 1597ms (cache miss)
494 http fetch GET 200 https://registry.npmjs.org/@vitejs/plugin-react/-/plugin-react-6.0.2.tgz 1671ms (cache miss)
495 http fetch GET 200 https://registry.npmjs.org/vite/-/vite-8.0.14.tgz 3755ms (cache miss)
496 http fetch GET 200 https://registry.npmjs.org/@napi-rs/wasm-runtime/-/wasm-runtime-1.1.4.tgz 3858ms (cache miss)
497 http fetch GET 200 https://registry.npmjs.org/react-dom/-/react-dom-19.2.6.tgz 8382ms (cache miss)
498 http fetch GET 200 https://registry.npmjs.org/lightningcss-win32-x64-msvc/-/lightningcss-win32-x64-msvc-1.32.0.tgz 9801ms (cache miss)
499 http fetch GET 200 https://registry.npmjs.org/typescript/-/typescript-6.0.3.tgz 11031ms (cache miss)
500 http fetch GET 200 https://registry.npmjs.org/@rolldown/binding-win32-x64-msvc/-/binding-win32-x64-msvc-1.0.2.tgz 11587ms (cache miss)
501 http fetch GET 200 https://registry.npmjs.org/lucide-react/-/lucide-react-1.17.0.tgz 14513ms (cache miss)
502 silly ADD node_modules/fdir
503 silly ADD
504 silly ADD
505 silly ADD
506 silly ADD
507 silly ADD
508 silly ADD
509 silly ADD node_modules/@rolldown/binding-win32-x64-msvc
510 silly ADD
511 silly ADD
512 silly ADD
513 silly ADD
514 silly ADD
515 silly ADD
516 silly ADD
517 silly ADD
518 silly ADD
519 silly ADD
520 silly ADD
521 silly ADD
522 silly ADD
523 silly ADD
524 silly ADD node_modules/@oxc-project/types
525 silly ADD node_modules/source-map-js
526 silly ADD node_modules/picocolors
527 silly ADD node_modules/nanoid
528 silly ADD node_modules/lightningcss-win32-x64-msvc
529 silly ADD
530 silly ADD
531 silly ADD
532 silly ADD
533 silly ADD
534 silly ADD
535 silly ADD
536 silly ADD
537 silly ADD
538 silly ADD
539 silly ADD node_modules/detect-libc
540 silly ADD node_modules/tinyglobby
541 silly ADD node_modules/rolldown
542 silly ADD node_modules/postcss
543 silly ADD node_modules/picomatch
544 silly ADD node_modules/lightningcss
545 silly ADD
546 silly ADD node_modules/scheduler
547 silly ADD node_modules/@rolldown/pluginutils
548 silly ADD node_modules/typescript
549 silly ADD node_modules/react-dom
550 silly ADD node_modules/react
551 silly ADD node_modules/lucide-react
552 silly ADD node_modules/vite
553 silly ADD node_modules/@vitejs/plugin-react
554 verbose cwd C:\Users\kinga\Desktop\mine
555 verbose os Windows_NT 10.0.26200
556 verbose node v22.21.1
557 verbose npm  v10.9.4
558 notice
558 notice New major version of npm available! 10.9.4 -> 11.16.0
558 notice Changelog: https://github.com/npm/cli/releases/tag/v11.16.0
558 notice To update run: npm install -g npm@11.16.0
558 notice  { force: true, [Symbol(proc-log.meta)]: true }
559 verbose exit 0
560 info ok
